Q-1:
a) C:\Users\manali.jain>node --version
v16.16.0

b) C:\Users\manali.jain>npm --version
npm WARN config global `--global`, `--local` are deprecated. Use `--location=global` instead.
8.11.0

Q-2:
a) > console.log('Hello Node.js!')
Hello Node.js!
undefined

Arithmetic Operators:
> 20+30
50
> 3-1
2
> x=10
10
> var y=5
undefined
> x+y
15
> 3*7
21
> 50/5
10

 Relational/Comparison Operators:
> var a=5<2
undefined
> console.log(a)
false
undefined

> var x=1
undefined
> var y=5
undefined
> console.log(y>x)
true
undefined

> console.log(8>=8)
true
undefined

> console.log(345!=567)
true
undefined

b) > .help
.break    Sometimes you get stuck, this gets you out
.clear    Alias for .break
.editor   Enter editor mode
.exit     Exit the REPL
.help     Print this help message
.load     Load JS from a file into the REPL session
.save     Save all evaluated commands in this REPL session to a file

Press Ctrl+C to abort current expression, Ctrl+D to exit the REPL

c) > function hello(name){
...  console.log('\n Hello', name, '\n Welcome to Blazeclan \n Have a NICE Day!!!')}
undefined
>  hello('Vijay')

 Hello Vijay
 Welcome to Blazeclan
 Have a NICE Day!!!
undefined

d) > .save D:\DS training\Nodejs Expressjs\Nodejs\first.js
Session saved to: D:\DS training\Nodejs Expressjs\Nodejs\first.js

e) > .load D:\DS training\Nodejs Expressjs\Nodejs\first.js
 function hello(name){
   console.log('\n Hello', name, '\n Welcome to Blazeclan \n Have a NICE Day!!!')
}
   hello('Vijay')

 Hello Vijay
 Welcome to Blazeclan
 Have a NICE Day!!!

Q-3:
> .load D:\DS training\Nodejs Expressjs\Nodejs\repl.js

$ process.exit()

Q-4:
$ process.exit(0);

Q-5:
node /tmp/bJhGUgZBut.js
Example - Command Line Arguments..
0 : /usr/bin/node
1 : /tmp/bJhGUgZBut.js
No. of command line args: 2 
End of program!

Q-6:
